------------------------------------------------------------
TimeQuest Timing Analyzer Summary
------------------------------------------------------------

Type  : Slow 1200mV 85C Model Setup 'drawFrame'
Slack : -91.859
TNS   : -40237.562

Type  : Slow 1200mV 85C Model Setup 'clk'
Slack : -9.752
TNS   : -226.299

Type  : Slow 1200mV 85C Model Setup 'piezo:beep|nextNote[21]'
Slack : -2.416
TNS   : -11.840

Type  : Slow 1200mV 85C Model Setup 'slow_clk[24]'
Slack : -0.708
TNS   : -0.708

Type  : Slow 1200mV 85C Model Hold 'drawFrame'
Slack : 0.325
TNS   : 0.000

Type  : Slow 1200mV 85C Model Hold 'piezo:beep|nextNote[21]'
Slack : 0.341
TNS   : 0.000

Type  : Slow 1200mV 85C Model Hold 'clk'
Slack : 0.421
TNS   : 0.000

Type  : Slow 1200mV 85C Model Hold 'slow_clk[24]'
Slack : 0.599
TNS   : 0.000

Type  : Slow 1200mV 85C Model Minimum Pulse Width 'clk'
Slack : -3.000
TNS   : -111.031

Type  : Slow 1200mV 85C Model Minimum Pulse Width 'drawFrame'
Slack : -1.403
TNS   : -1088.728

Type  : Slow 1200mV 85C Model Minimum Pulse Width 'piezo:beep|nextNote[21]'
Slack : -1.403
TNS   : -8.418

Type  : Slow 1200mV 85C Model Minimum Pulse Width 'slow_clk[24]'
Slack : -1.403
TNS   : -1.403

Type  : Slow 1200mV 0C Model Setup 'drawFrame'
Slack : -83.729
TNS   : -36776.676

Type  : Slow 1200mV 0C Model Setup 'clk'
Slack : -8.892
TNS   : -199.840

Type  : Slow 1200mV 0C Model Setup 'piezo:beep|nextNote[21]'
Slack : -2.074
TNS   : -10.283

Type  : Slow 1200mV 0C Model Setup 'slow_clk[24]'
Slack : -0.577
TNS   : -0.577

Type  : Slow 1200mV 0C Model Hold 'drawFrame'
Slack : 0.292
TNS   : 0.000

Type  : Slow 1200mV 0C Model Hold 'piezo:beep|nextNote[21]'
Slack : 0.307
TNS   : 0.000

Type  : Slow 1200mV 0C Model Hold 'clk'
Slack : 0.389
TNS   : 0.000

Type  : Slow 1200mV 0C Model Hold 'slow_clk[24]'
Slack : 0.505
TNS   : 0.000

Type  : Slow 1200mV 0C Model Minimum Pulse Width 'clk'
Slack : -3.000
TNS   : -111.031

Type  : Slow 1200mV 0C Model Minimum Pulse Width 'drawFrame'
Slack : -1.403
TNS   : -1088.728

Type  : Slow 1200mV 0C Model Minimum Pulse Width 'piezo:beep|nextNote[21]'
Slack : -1.403
TNS   : -8.418

Type  : Slow 1200mV 0C Model Minimum Pulse Width 'slow_clk[24]'
Slack : -1.403
TNS   : -1.403

Type  : Fast 1200mV 0C Model Setup 'drawFrame'
Slack : -36.339
TNS   : -16148.575

Type  : Fast 1200mV 0C Model Setup 'clk'
Slack : -3.537
TNS   : -49.915

Type  : Fast 1200mV 0C Model Setup 'piezo:beep|nextNote[21]'
Slack : -0.498
TNS   : -1.746

Type  : Fast 1200mV 0C Model Setup 'slow_clk[24]'
Slack : -0.011
TNS   : -0.011

Type  : Fast 1200mV 0C Model Hold 'drawFrame'
Slack : 0.142
TNS   : 0.000

Type  : Fast 1200mV 0C Model Hold 'piezo:beep|nextNote[21]'
Slack : 0.148
TNS   : 0.000

Type  : Fast 1200mV 0C Model Hold 'clk'
Slack : 0.167
TNS   : 0.000

Type  : Fast 1200mV 0C Model Hold 'slow_clk[24]'
Slack : 0.244
TNS   : 0.000

Type  : Fast 1200mV 0C Model Minimum Pulse Width 'clk'
Slack : -3.000
TNS   : -82.797

Type  : Fast 1200mV 0C Model Minimum Pulse Width 'drawFrame'
Slack : -1.000
TNS   : -776.000

Type  : Fast 1200mV 0C Model Minimum Pulse Width 'piezo:beep|nextNote[21]'
Slack : -1.000
TNS   : -6.000

Type  : Fast 1200mV 0C Model Minimum Pulse Width 'slow_clk[24]'
Slack : -1.000
TNS   : -1.000

------------------------------------------------------------
