------------------------------------------------------------
TimeQuest Timing Analyzer Summary
------------------------------------------------------------

Type  : Slow 1200mV 85C Model Setup 'drawFrame'
Slack : -95.611
TNS   : -40746.362

Type  : Slow 1200mV 85C Model Setup 'clk'
Slack : -8.958
TNS   : -216.725

Type  : Slow 1200mV 85C Model Setup 'piezo:beep|nextNote[21]'
Slack : -2.223
TNS   : -11.344

Type  : Slow 1200mV 85C Model Setup 'slow_clk[24]'
Slack : -0.726
TNS   : -0.726

Type  : Slow 1200mV 85C Model Hold 'drawFrame'
Slack : 0.325
TNS   : 0.000

Type  : Slow 1200mV 85C Model Hold 'piezo:beep|nextNote[21]'
Slack : 0.341
TNS   : 0.000

Type  : Slow 1200mV 85C Model Hold 'clk'
Slack : 0.420
TNS   : 0.000

Type  : Slow 1200mV 85C Model Hold 'slow_clk[24]'
Slack : 0.539
TNS   : 0.000

Type  : Slow 1200mV 85C Model Minimum Pulse Width 'clk'
Slack : -3.000
TNS   : -111.031

Type  : Slow 1200mV 85C Model Minimum Pulse Width 'drawFrame'
Slack : -1.403
TNS   : -1090.131

Type  : Slow 1200mV 85C Model Minimum Pulse Width 'piezo:beep|nextNote[21]'
Slack : -1.403
TNS   : -8.418

Type  : Slow 1200mV 85C Model Minimum Pulse Width 'slow_clk[24]'
Slack : -1.403
TNS   : -1.403

Type  : Slow 1200mV 0C Model Setup 'drawFrame'
Slack : -87.258
TNS   : -37242.733

Type  : Slow 1200mV 0C Model Setup 'clk'
Slack : -8.124
TNS   : -190.253

Type  : Slow 1200mV 0C Model Setup 'piezo:beep|nextNote[21]'
Slack : -1.953
TNS   : -10.051

Type  : Slow 1200mV 0C Model Setup 'slow_clk[24]'
Slack : -0.586
TNS   : -0.586

Type  : Slow 1200mV 0C Model Hold 'drawFrame'
Slack : 0.292
TNS   : 0.000

Type  : Slow 1200mV 0C Model Hold 'piezo:beep|nextNote[21]'
Slack : 0.306
TNS   : 0.000

Type  : Slow 1200mV 0C Model Hold 'clk'
Slack : 0.387
TNS   : 0.000

Type  : Slow 1200mV 0C Model Hold 'slow_clk[24]'
Slack : 0.448
TNS   : 0.000

Type  : Slow 1200mV 0C Model Minimum Pulse Width 'clk'
Slack : -3.000
TNS   : -111.031

Type  : Slow 1200mV 0C Model Minimum Pulse Width 'drawFrame'
Slack : -1.403
TNS   : -1090.131

Type  : Slow 1200mV 0C Model Minimum Pulse Width 'piezo:beep|nextNote[21]'
Slack : -1.403
TNS   : -8.418

Type  : Slow 1200mV 0C Model Minimum Pulse Width 'slow_clk[24]'
Slack : -1.403
TNS   : -1.403

Type  : Fast 1200mV 0C Model Setup 'drawFrame'
Slack : -37.980
TNS   : -16264.281

Type  : Fast 1200mV 0C Model Setup 'clk'
Slack : -3.172
TNS   : -46.683

Type  : Fast 1200mV 0C Model Setup 'piezo:beep|nextNote[21]'
Slack : -0.369
TNS   : -1.464

Type  : Fast 1200mV 0C Model Setup 'slow_clk[24]'
Slack : -0.015
TNS   : -0.015

Type  : Fast 1200mV 0C Model Hold 'drawFrame'
Slack : 0.141
TNS   : 0.000

Type  : Fast 1200mV 0C Model Hold 'piezo:beep|nextNote[21]'
Slack : 0.147
TNS   : 0.000

Type  : Fast 1200mV 0C Model Hold 'clk'
Slack : 0.166
TNS   : 0.000

Type  : Fast 1200mV 0C Model Hold 'slow_clk[24]'
Slack : 0.219
TNS   : 0.000

Type  : Fast 1200mV 0C Model Minimum Pulse Width 'clk'
Slack : -3.000
TNS   : -82.397

Type  : Fast 1200mV 0C Model Minimum Pulse Width 'drawFrame'
Slack : -1.000
TNS   : -777.000

Type  : Fast 1200mV 0C Model Minimum Pulse Width 'piezo:beep|nextNote[21]'
Slack : -1.000
TNS   : -6.000

Type  : Fast 1200mV 0C Model Minimum Pulse Width 'slow_clk[24]'
Slack : -1.000
TNS   : -1.000

------------------------------------------------------------
